[00:52:01] [ServerMain/INFO]: Environment: Environment[sessionHost=https://sessionserver.mojang.com, servicesHost=https://api.minecraftservices.com, profilesHost=https://api.mojang.com, name=PROD]
[00:52:03] [ServerMain/INFO]: Loaded 1470 recipes
[00:52:03] [ServerMain/INFO]: Loaded 1584 advancements
[00:52:03] [Server thread/INFO]: Starting minecraft server version 1.21.11
[00:52:03] [Server thread/INFO]: Loading properties
[00:52:03] [Server thread/INFO]: Default game type: SURVIVAL
[00:52:03] [Server thread/INFO]: Generating keypair
[00:52:03] [Server thread/INFO]: Starting Minecraft server on *:25565
[00:52:03] [Server thread/WARN]: **** SERVER IS RUNNING IN OFFLINE/INSECURE MODE!
[00:52:03] [Server thread/WARN]: The server will make no attempt to authenticate usernames. Beware.
[00:52:03] [Server thread/WARN]: While this makes the game possible to play without internet access, it also opens up the ability for hackers to connect with any username they choose.
[00:52:03] [Server thread/WARN]: To change this, set "online-mode" to "true" in the server.properties file.
[00:52:03] [Server thread/INFO]: Preparing level ""
[00:52:04] [Server thread/INFO]: Loading 0 persistent chunks...
[00:52:04] [Server thread/INFO]: Preparing spawn area: 100%
[00:52:04] [Server thread/INFO]: Time elapsed: 14 ms
[00:52:04] [Server thread/INFO]: Done (0.608s)! For help, type "help"
[00:53:04] [Server thread/INFO]: Server empty for 60 seconds, pausing
[00:54:25] [Server thread/INFO]: arcwarden22[/127.169.122.68:44755] logged in with entity id 73 at (-950.3000000119209, 92.0, 289.864611542284)
[00:54:25] [Server thread/INFO]: arcwarden22 joined the game
[00:55:10] [Server thread/INFO]: Fenix5000[/127.254.172.52:53325] logged in with entity id 517 at (-351.857310247105, 90.0, -0.36034033047068065)
[00:55:10] [Server thread/INFO]: Fenix5000 joined the game
[00:55:27] [Server thread/INFO]: x[/127.78.19.55:49635] logged in with entity id 834 at (-298.8656922034043, 93.0, 17.44567828538954)
[00:55:27] [Server thread/INFO]: x joined the game
[00:57:39] [Server thread/INFO]: paloma_f[/127.184.55.218:50939] logged in with entity id 2210 at (-296.5496512256969, 88.0, -21.76249998807907)
[00:57:39] [Server thread/INFO]: paloma_f joined the game
[00:57:55] [Server thread/INFO]: [Fenix5000: Set the time to 1000]
[00:59:32] [Server thread/INFO]: [Fenix5000: Teleported arcwarden22 to Fenix5000]
[00:59:49] [Server thread/INFO]: Fenix5000 has made the advancement [Enchanter]
[01:00:06] [Server thread/INFO]: [Fenix5000: Teleported Fenix5000 to x]
[01:07:08] [Server thread/INFO]: [Fenix5000: Set the time to 1000]
[01:11:53] [Server thread/INFO]: [Fenix5000: Set own game mode to Creative Mode]
[01:18:21] [Server thread/INFO]: [Fenix5000: Set the time to 1000]
[01:20:33] [Server thread/INFO]: [Fenix5000: Set own game mode to Survival Mode]
[01:20:49] [Server thread/INFO]: [Fenix5000: Teleported Fenix5000 to paloma_f]
[01:20:59] [Server thread/INFO]: [Fenix5000: Teleported Fenix5000 to arcwarden22]
[01:21:06] [Server thread/INFO]: [Fenix5000: Teleported Fenix5000 to x]
[01:24:21] [Server thread/INFO]: x has made the advancement [Sneak 100]
[01:24:23] [Server thread/INFO]: x has made the advancement [Monster Hunter]
[01:24:23] [Server thread/INFO]: x has completed the challenge [It Spreads]
[01:25:33] [Server thread/INFO]: [Fenix5000: Teleported Fenix5000 to x]
[01:26:09] [Server thread/INFO]: [Fenix5000: Teleported 4 entities to x]
[01:26:32] [Server thread/INFO]: Fenix5000 has made the advancement [Sneak 100]
[01:27:10] [Server thread/INFO]: arcwarden22 has made the advancement [Sneak 100]
[01:27:30] [Server thread/INFO]: [Fenix5000: Teleported Fenix5000 to arcwarden22]
[01:29:34] [Server thread/INFO]: Fenix5000 was slain by Warden
[01:29:43] [Server thread/INFO]: [Fenix5000: Teleported Fenix5000 to paloma_f]
[01:30:33] [Server thread/INFO]: [Fenix5000: Set own game mode to Creative Mode]
[01:31:46] [Server thread/INFO]: [Fenix5000: Set own game mode to Survival Mode]
[01:32:12] [Server thread/INFO]: [Fenix5000: Set own game mode to Creative Mode]
[01:33:14] [Server thread/INFO]: [Fenix5000: Teleported 4 entities to Fenix5000]
[01:33:19] [Server thread/INFO]: [Fenix5000: Set own game mode to Survival Mode]
[01:34:02] [Server thread/INFO]: Fenix5000 lost connection: Disconnected
[01:34:02] [Server thread/INFO]: Fenix5000 left the game
[01:34:19] [Server thread/INFO]: Stopping the server
[01:34:19] [Server thread/INFO]: Stopping server
[01:34:19] [Server thread/INFO]: Saving players
[01:34:19] [Server thread/INFO]: arcwarden22 lost connection: Server closed
[01:34:19] [Server thread/INFO]: arcwarden22 left the game
[01:34:19] [Server thread/INFO]: paloma_f lost connection: Server closed
[01:34:19] [Server thread/INFO]: paloma_f left the game
[01:34:19] [Server thread/INFO]: Saving worlds
[01:34:19] [Server thread/INFO]: Saving chunks for level 'ServerLevel[]'/minecraft:overworld
[01:34:20] [Server thread/INFO]: Saving chunks for level 'ServerLevel[]'/minecraft:the_end
[01:34:20] [Server thread/INFO]: Saving chunks for level 'ServerLevel[]'/minecraft:the_nether
[01:34:20] [Server thread/INFO]: ThreadedAnvilChunkStorage (.): All chunks are saved
[01:34:20] [Server thread/INFO]: ThreadedAnvilChunkStorage (DIM1): All chunks are saved
[01:34:20] [Server thread/INFO]: ThreadedAnvilChunkStorage (DIM-1): All chunks are saved
[01:34:20] [Server thread/INFO]: ThreadedAnvilChunkStorage: All dimensions are saved
